[ADMIN_UI] Products: []
[ADMIN_UI] 2 tissue added.
[ADMIN_UI] 1 chair added.
[ADMIN_UI] 1 pen added.
[ADMIN_UI] Invalid value of price or count.
[ADMIN_UI] Invalid value of price or count.
[ADMIN_UI] Products: [(tissue, 2000, 2), (chair, 20000, 1), (pen, 1000, 1)]
[ADMIN_UI] tissue modified: (2000, 2) -> (3000, 2)
[ADMIN_UI] chair modified: (20000, 1) -> (20000, 5)
[ADMIN_UI] Invalid product name.
[ADMIN_UI] Invalid value of price or count.
[ADMIN_UI] pen modified: (1000, 1) -> (1000, 0)
[ADMIN_UI] Products: [(tissue, 3000, 2), (chair, 20000, 5), (pen, 1000, 0)]
