[CLIENT_UI] (-) Seonjun is signed up.
[CLIENT_UI] (-) Dongho is signed up.
[CLIENT_UI] (-) Invalid password for Dongho.
[CLIENT_UI] (Seonjun) Seonjun logged in.
[CLIENT_UI] (Seonjun) Please logout first.
[CLIENT_UI] (Seonjun) tissue is added to the cart.
[CLIENT_UI] (Seonjun) chair is added to the cart.
[CLIENT_UI] (Seonjun) Cart: [(tissue, 3000), (chair, 20000)]
[CLIENT_UI] (Seonjun) Cart purchase completed. Total price: 23000.
[CLIENT_UI] (Seonjun) Please logout first.
[CLIENT_UI] (-) Seonjun logged out.
[CLIENT_UI] (-) Please login first.
[CLIENT_UI] (Dongho) Dongho logged in.
[CLIENT_UI] (Dongho) Purchased chair (Price: 20000).
[CLIENT_UI] (Dongho) Cart: []
[CLIENT_UI] (-) Dongho logged out.
[CLIENT_UI] (-) Please login first.
