[ADMIN_UI] 100 A added.
[ADMIN_UI] 100 B added.
[ADMIN_UI] 100 C added.
[ADMIN_UI] 100 D added.
[ADMIN_UI] Products: [(tissue, 3000, 1), (chair, 20000, 3), (pen, 1000, 0), (A, 100000, 100), (B, 20, 100), (C, 30, 100), (D, 40, 100)]
[CLIENT_UI] (-) Alexa is signed up.
[CLIENT_UI] (-) Bob is signed up.
[CLIENT_UI] (-) Chloe is signed up.
[CLIENT_UI] (-) David is signed up.
[CLIENT_UI] (-) Emily is signed up.
[CLIENT_UI] (-) Felix is signed up.
[CLIENT_UI] (Alexa) Alexa logged in.
[CLIENT_UI] (Alexa) Purchased A (Price: 100000).
[CLIENT_UI] (Alexa) Purchased B (Price: 18).
[CLIENT_UI] (Alexa) Purchased C (Price: 27).
[CLIENT_UI] (Alexa) Purchased D (Price: 36).
[CLIENT_UI] (Alexa) Purchased C (Price: 27).
[CLIENT_UI] (Alexa) C is added to the cart.
[CLIENT_UI] (-) Alexa logged out.
[CLIENT_UI] (Bob) Bob logged in.
[CLIENT_UI] (Bob) Purchased A (Price: 100000).
[CLIENT_UI] (Bob) Purchased A (Price: 90000).
[CLIENT_UI] (Bob) Purchased C (Price: 27).
[CLIENT_UI] (Bob) A is added to the cart.
[CLIENT_UI] (Bob) A is added to the cart.
[CLIENT_UI] (Bob) A is added to the cart.
[CLIENT_UI] (-) Bob logged out.
[CLIENT_UI] (Chloe) Chloe logged in.
[CLIENT_UI] (Chloe) Purchased B (Price: 20).
[CLIENT_UI] (Chloe) Purchased B (Price: 20).
[CLIENT_UI] (Chloe) Purchased C (Price: 30).
[CLIENT_UI] (Chloe) Purchased A (Price: 100000).
[CLIENT_UI] (Chloe) Purchased D (Price: 36).
[CLIENT_UI] (Chloe) B is added to the cart.
[CLIENT_UI] (Chloe) C is added to the cart.
[CLIENT_UI] (-) Chloe logged out.
[CLIENT_UI] (David) David logged in.
[CLIENT_UI] (David) Purchased A (Price: 100000).
[CLIENT_UI] (David) Purchased A (Price: 90000).
[CLIENT_UI] (David) Purchased B (Price: 18).
[CLIENT_UI] (David) B is added to the cart.
[CLIENT_UI] (David) A is added to the cart.
[CLIENT_UI] (-) David logged out.
[CLIENT_UI] (Emily) Emily logged in.
[CLIENT_UI] (Emily) Purchased C (Price: 30).
[CLIENT_UI] (Emily) Purchased C (Price: 30).
[CLIENT_UI] (Emily) Purchased A (Price: 100000).
[CLIENT_UI] (Emily) C is added to the cart.
[CLIENT_UI] (Emily) C is added to the cart.
[CLIENT_UI] (-) Emily logged out.
[CLIENT_UI] (Felix) Felix logged in.
[CLIENT_UI] (Felix) Purchased A (Price: 100000).
[CLIENT_UI] (Felix) Purchased A (Price: 90000).
[CLIENT_UI] (Felix) Purchased A (Price: 90000).
[CLIENT_UI] (Felix) Purchased A (Price: 90000).
[CLIENT_UI] (Felix) Purchased A (Price: 90000).
[CLIENT_UI] (Felix) Purchased A (Price: 90000).
[CLIENT_UI] (Felix) D is added to the cart.
[CLIENT_UI] (-) Felix logged out.
[CLIENT_UI] (Alexa) Alexa logged in.
[CLIENT_UI] (Alexa) Recommended products: [(A, 90000), (D, 36), (C, 27)]
