------ Authentication ------
id : passwd : ----------------------------
root@sns.com
post : Post contents
recommend <number> : Recommend <number> interesting posts
search <keyword1> ... <keywordN> <threshold> : List post entries whose contents contain keywords more than the threshold
exit : Terminate this program
----------------------------
Command : ----------------------------
New Post
* Title : * Advertising (yes/no) : * Content
> > > > ----------------------------
root@sns.com
post : Post contents
recommend <number> : Recommend <number> interesting posts
search <keyword1> ... <keywordN> <threshold> : List post entries whose contents contain keywords more than the threshold
exit : Terminate this program
----------------------------
Command : 