------ Authentication ------
id : passwd : ----------------------------
Failed Authentication.
------ Authentication ------
id : passwd : ----------------------------
Failed Authentication.
------ Authentication ------
id : passwd : ----------------------------
Failed Authentication.
